// Jest Snapshot v1, https://goo.gl/fbAQLP

exports[`GlobalStyle renders and match theme styles 1`] = `null`;
